// Jest Snapshot v1, https://goo.gl/fbAQLP

exports[`Dashboard <Vendors /> renders correctly 1`] = `<Pagination />`;
